topografie
provincies
eurogeomap_water_vlakken
eurogeomap_bebouwde_kom
top250vlakken
top50_vlakken
top50_huizen
eurogeomap_water_lijnen
eurogeomap_transport
startdata_autowegen
top250lijnen
top50_lijnen
top250punten
top50_punten
top25_namen_wegnummer
top25_namen_dieptelijngetal
top25_namen_militair_terrein
top25_namen_andere_terrein
top25_namen_streek_recreatieobj
top25_namen_bos_heide_recreatie
top25_namen_parkeerterrein
top25_namen_dijk_duin_berg
top25_namen_vliegveld_begraafplaats
top25_namen_polder
top25_namen_eiland_klein
top25_namen_eiland_groot
top25_namen_diverse_objecten
top25_namen_gebouwencomplex_groot
top25_namen_bijzonder_gebouw
top25_namen_jachthaven
top25_namen_brug_sluis_dam
top25_namen_luchthaven
top25_namen_haven
top25_namen_kanaal_klein
top25_namen_kanaal_middegroot
top25_namen_kanaal_groot
top25_namen_straten
top25_namen_industrie_buurtschap
top25_namen_huizengroep
top25_namen_dorpswijk
top25_namen_stadsdeel_wijken
top25_namen_buurtschap_groot
top25_namen_geul
top25_namen_wad
top25_namen_zee
top25_namen_kleine_plaatsen
top25_namen_middengrote_plaatsen
top25_namen_waterloop_meren
top25_namen_grote_plaatsen
top25_raster
top50_raster
top250_raster