verkiezingen_2012_2kamer_opkomst
verkiezingen_2012_2kamer_grootste_partij
verkiezingen_2012_2kamer_vvd
verkiezingen_2012_2kamer_pvda
verkiezingen_2012_2kamer_pvv
verkiezingen_2012_2kamer_sp
verkiezingen_2012_2kamer_cda
verkiezingen_2012_2kamer_d66
verkiezingen_2012_2kamer_cu
verkiezingen_2012_2kamer_groenlinks
verkiezingen_2012_2kamer_sgp
verkiezingen_2012_2kamer_pvdd
verkiezingen_2012_2kamer_50plus
scholieren_verkiezingen_2012_2kamer_grootste_partij
scholieren_verkiezingen_2012_2kamer_vvd
scholieren_verkiezingen_2012_2kamer_pvda
scholieren_verkiezingen_2012_2kamer_pvv
scholieren_verkiezingen_2012_2kamer_sp
scholieren_verkiezingen_2012_2kamer_cda
scholieren_verkiezingen_2012_2kamer_d66
scholieren_verkiezingen_2012_2kamer_cu
scholieren_verkiezingen_2012_2kamer_groenlinks
scholieren_verkiezingen_2012_2kamer_sgp
scholieren_verkiezingen_2012_2kamer_pvdd
scholieren_verkiezingen_2012_2kamer_50plus
verandering_verkiezingen_2010_2012_2kamer_opkomst
verandering_verkiezingen_2010_2012_2kamer_vvd
verandering_verkiezingen_2010_2012_2kamer_pvda
verandering_verkiezingen_2010_2012_2kamer_pvv
verandering_verkiezingen_2010_2012_2kamer_sp
verandering_verkiezingen_2010_2012_2kamer_cda
verandering_verkiezingen_2010_2012_2kamer_d66
verandering_verkiezingen_2010_2012_2kamer_cu
verandering_verkiezingen_2010_2012_2kamer_groenlinks
verandering_verkiezingen_2010_2012_2kamer_sgp
verandering_verkiezingen_2010_2012_2kamer_pvdd