zuid_limburg_1820_bunde
zuid_limburg_1820_gulpen
zuid_limburg_1820_heerlen-ransdael
zuid_limburg_1820_heerlen-voerendael
zuid_limburg_1820_kerkrade
zuid_limburg_1820_maestricht-eysden
zuid_limburg_1820_margraten
zuid_limburg_1820_noorbeek
zuid_limburg_1820_oirsbeek
zuid_limburg_1820_sittard
zuid_limburg_1820_stein
zuid_limburg_1820_vaels
zuid_limburg_1820_valkenberg_meerssen
zuid_limburg_1820_valkenberg_spaubeek
zuid_limburg_1924_bunde
zuid_limburg_1924_eijsden
zuid_limburg_1924_gulpen_vaals
zuid_limburg_1924_heerlen_nuth
zuid_limburg_1924_maastricht
zuid_limburg_1924_margraten_noorbeek
zuid_limburg_1924_schimmert
zuid_limburg_1924_simpelveld
zuid_limburg_1924_valkenburg_cadier
zuid_limburg_1935_born
zuid_limburg_1935_brunssum
zuid_limburg_1935_geleen
zuid_limburg_1937_hoensbroek
zuid_limburg_1935_kerkrade
zuid_limburg_1935_meers
zuid_limburg_1935_rimburg
zuid_limburg_1935_sittard
zuid_limburg_1956_beek
zuid_limburg_1956_brunssum
zuid_limburg_1957_eijsden
zuid_limburg_1957_heerlen_ransdaal
zuid_limburg_1956_kerkrade
zuid_limburg_1957_maastricht_bunde
zuid_limburg_1957_maastricht_gronsveld
zuid_limburg_1957_margraten
zuid_limburg_1956_meers
zuid_limburg_1956_noorbeek
zuid_limburg_1956_rimburg
zuid_limburg_1956_schinveld
zuid_limburg_1957_simpelveld_gulpen
zuid_limburg_1956_sittard
zuid_limburg_1956_vaals
zuid_limburg_1957_valkenburg_meerssen
zuid_limburg_landschap_geleen
zuid_limburg_landschap_heerlen
zuid_limburg_landschap_maastricht
zuid_limburg_landschap_stein
zuid_limburg_landschap_vaals